004475 .chan3on
004474 .chan2on
004473 .chan1on
004472 .chan0on
004462 .@finish
004410 .@noloop
0042DA .@cont1
0042B3 .@cont0
0042AE .@pos
00429C .@done
004182 .@cont0
00429D .peppitoChanCalcFreq
0040F8 .@ntct0
0040E4 .@ptnl3
0040DF .@ptnl2
0040C8 .@ptnl1
0040AB .@ptnl0
0040EA .@tstnxtb
00409B .@tstnxta
00407A .@tport0
004084 .@tstnxt9
00406E .@tstnxt8
004058 .@vibcont1
004054 .@vibdep0
00404A .@vibcont0
004046 .@vibspd0
004061 .@tstnxt7
004036 .@tstnxt6
004029 .@tstnxt5
00401C .@tstnxt4
00400F .@tstnxt3
003FF8 .@svol0
004002 .@tstnxt2
003FE8 .@spdch0
003FEB .@tstnxt1
003FAB .@pbrk1
004104 .@exit
003F9F .@pbrk0
003FD1 .@tstnxt0
003F6E .peppitoMULT10
003F79 .peppitoChanTrigEffect
003F6A .@update
003F67 .@trigger
003F40 .@next
003F4B .peppitoChanRow
003F2B .@loop1
003F15 .@cont3
003F04 .@cont2
003E98 .@loop0
003E15 .@update
003DF2 .@skip0
003DE8 .@restart
003DDB .@more0
003E00 .@cont1
003DC9 .@cont0
003DAE .@next
003D98 .@loop1
003D96 .peppitoClearChanPLRow
003D90 .@next
003D7B .@loop1
003D6E .@ntct0
003D78 .@tstnext9
00413A .peppitoChanTrigger
003D5C .@dely0
003D60 .@tstnext8
00435F .peppitoChanNoteOn
003D44 .@retrig0
003D4E .@tstnext7
003D36 .@tstnext6
003D25 .@tstnext5
003D1A .@tstnext4
003D09 .@tstnext3
003CFE .@tstnext2
004105 .peppitoChanUpdFreq
003CF3 .@tstnext1
004122 .peppitoChanUpdVol
003CE8 .@tstnext0
003CBB .peppitoChanTick
003CB0 .@setmax
003C9C .peppitoChanPortaDown
003C93 .@setzero
003C7F .peppitoChanPortaUp
003C7C .@update
003C70 .peppitoChanVolDown
003C6D .@update
003C5F .peppitoChanVolUp
003C57 .@update
003C5A .@setzero
003C31 .peppitoChanVolSlide
003C29 .@update
003B58 .peppitoChanVibrato
003B3E .@less3
003B4A .@cont1
003B16 .@less2
003AF5 .@less1
003B01 .@cont0
003ACD .@less0
003A9E .peppitoChanPorta
003A4C .@loop0
003A4A .@cont0
003A2D .@ins320
0039D9 .@skip1
003992 .@cont1
003951 .@bytes1
003967 .@less0
003973 .@skip0
00392C .@bytes0
00383C .@loop
0037F9 .@loop0
0037EB .@loop0
0037C8 .@loop1
0037B6 .@loop0
0037F7 .peppitoRestoreState
003D79 .pepptioPerformTick
0037A4 .@exit
003DB4 .peppitoPerformRow
0037A1 .@procTick
0037E9 .peppitoSaveState
0037B4 .peppitoClearChans
00381D .peppitoReadIns
0039FE .peppitoReadSeq
00377A .@next0
00376C .@loop0
003768 .@cont3
00374B .@ins321
003724 .@cont0
003704 .@cont2
0036E7 .@ins320
0036C0 .@cont1
0036BB .@next1
0036A5 .@loop2
00369F .@loop1
003619 .peppitoReset
003609 .peppitoClearCurrentSamples
0035E9 .valPepFTn0
0035E5 .valPepCurrentSamples
0035C5 .valPepSin0
0035B5 .valPepSig0
0035AD .valPepMRg0
0035A5 .idxPepChn0
00354D .recPepChn0
00350D .idxPepIns0
00330D .recPepIns0
00328D .idxPepPtn0
00308D .adrPepPtn0
00308B .valPepTmp4
003089 .valPepTmp3
003087 .valPepTmp2
003085 .valPepTmp1
003083 .valPepTmp0
003082 .valPepPLCh
003081 .cntPepPtnL
003080 .valPepMaxP
00307F .valPepMaxI
00307E .valPepChan
00307D .valPepSRst
00307C .valPepSLen
00307B .valPepNRow
00307A .valPepPBrk
003079 .valPepSped
003078 .cntPepSeqP
003077 .cntPepPRow
003076 .cntPepTick
003071 .valPepGlobalVolume
003070 .valPepPlaying
0037A9 .peppitoStop
0037A8 .peppitoPrepare
003618 .peppitoNOP
00378D .peppitoPlay
003061 .TBL_PEP_JUMP
003051 .fl_sector_read_dmalist
00302B .fl_data_read_dmalist
002FC0 .fl_2nd_half_partial_sector
002FCB .fl_2nd_half_full_sector
002FCB .fl_dma_read_bytes
002F9F .fl_1st_half_partial_sector
002FAA .fl_1st_half_full_sector
003032 .fl_read_page
002F8C .fl_read_from_first_half
002FAD .fl_read_from_second_half
003030 .fl_bytes_to_copy
002F73 .fl_on_second_side
002F4A .fl_logical_to_physical_sector
002F43 .fl_not_end_of_file
002F38 .fl_step_track
002F2C .fl_not_prev_sector
002EF9 .fl_step_out
002F02 .fl_step_in
002F0B .fl_on_correct_track
002EE0 .fl_load_next_dir_sector
002ECA .fl_checked_both_halves
002EB6 .fl_end_of_name
002F3D .fl_read_next_sector
002E97 .fl_file_in_2nd_logical_sector
002E81 .fl_found_file
002EAD .fl_filename_differs
002E73 .fl_check_loop_inner
002E71 .fl_filenamecheckloop
002E6F .fl_check_logical_sector
002E73 .fl_buffaddr
002E5C .fl_stop_collect_dir_entries
002E32 .fl_cde_checked_both_halves
002DF0 .fl_cde_loop
00303C .fl_copy_sector_to_buffer
002E9E .fl_got_file_track_and_sector
002DE2 .next_entry
002DC4 .fl_fde_loop
002DBC .fl_find_dir_entry
002DBB .fl_char1
002DBA .fl_char0
002DE9 .fl_cde_idx
002E0A .fl_cde_buffaddr4
002E02 .fl_cde_buffaddr3
002DFA .fl_cde_buffaddr2
002DF2 .fl_cde_buffaddr1
002D6F .fl_read_dir_for_ui
002EE4 .fl_read_sector
002D4E .fl_select_side0
002D43 .fl_select_side1
002D3D .fl_not_on_track_0
002DEA .fl_collect_dir_entries
002D80 .fl_new_dir_request
002EEF .fl_reading_sector
002D2D .fl_seek_track_0
002F7D .fl_read_file_block
002E62 .fl_directory_scan
002D59 .fl_new_request
002D2C .fl_idle
002D1C .fl_jumptable
002D17 .fl_job_ok
002D12 .fl_not_in_error_state
002D0C .fl_fdc_not_busy
002D06 .todo
002C00 .fastload_directory_entries
0029BB .fl_prev_side
0029BA .fl_prev_sector
0029B9 .fl_prev_track
0029B8 .fl_file_next_sector
0029B7 .fl_file_next_track
0029B6 .fl_current_track
0029B5 .fastload_request_stashed
002A00 .fastload_sector_buffer
002960 .fl_waiting_done
002953 .fl_error
0029B4 .fastload_request
002D00 .fastload_irq
0029B0 .fastload_address
002932 .fl_set_startaddress
0029AF .fastload_filename_len
00292D .endofname
00291E .filenamecopyloop
00299F .fastload_filename
002923 .fl_fnptr
00290C .fl_set_filename
0026D0 .clearbitmapjob
002700 .sine
002438 .rrb_buffer
002432 .loop
002500 .irq1
002330 .endscreenplot1
0022CF .put11
0022CC .put10
00363C .peppitoInit
003074 .adrPepMODH
003072 .adrPepMODL
002906 .fl_exit
002947 .fl_waiting
002900 .fl_init
002961 .fastload_irq_handler
0026AF .clearcolorramjob
002016 .frame
002015 .screencolumn
002014 .screenrow
002100 .entry_main
00200F .basicend
